// Jest Snapshot v1, https://goo.gl/fbAQLP

exports[`NotFound page should render correctly 1`] = `
<div>
  <div
    class="page page--gray page--login"
  >
    <header
      class="header"
    >
      <div
        class="container"
      >
        <div
          class="header__wrapper"
        >
          <div
            class="header__left"
          >
            <a
              class="header__logo-link"
              href="/"
            >
              <img
                alt="6 cities logo"
                class="header__logo"
                height="41"
                src="img/logo.svg"
                width="81"
              />
            </a>
          </div>
          <nav
            class="header__nav"
          >
            <ul
              class="header__nav-list"
            >
              <li
                class="header__nav-item user"
              >
                <a
                  class="header__nav-link header__nav-link--profile"
                  href="/favorites"
                >
                  <div
                    class="header__avatar-wrapper user__avatar-wrapper"
                  />
                  <span
                    class="header__user-name user__name"
                  >
                    Sign in
                  </span>
                </a>
              </li>
            </ul>
          </nav>
        </div>
      </div>
    </header>
    <main
      class="page__main page__main--login"
    >
      <div
        class="page__login-container container"
      >
        <h1
          style="font-size: 40px;"
        >
          404. Page Not Found
        </h1>
        <section
          class="locations locations--login locations--current"
        >
          <a
            class="locations__item-link"
            href="/"
            style="font-size: 40px;"
          >
            <span>
              Return to main page
            </span>
          </a>
        </section>
      </div>
    </main>
  </div>
</div>
`;
