// Jest Snapshot v1, https://goo.gl/fbAQLP

exports[`BookmarkButton should render correctly 1`] = `
<div>
  <button
    class="test__bookmark-button button"
    type="button"
  >
    <svg
      class="test__bookmark-icon"
      height="19"
      width="18"
    >
      <use
        xlink:href="#icon-bookmark"
      />
    </svg>
    <span
      class="visually-hidden"
    >
      To bookmarks
    </span>
  </button>
</div>
`;
