// Jest Snapshot v1, https://goo.gl/fbAQLP

exports[`ReviewList should render correctly 1`] = `
<div>
  <h2
    class="reviews__title"
  >
    Reviews Â· 
    <span
      class="reviews__amount"
    >
      2
    </span>
  </h2>
  <ul
    class="reviews__list"
  >
    <li
      class="reviews__item"
    >
      <div
        class="reviews__user user"
      >
        <div
          class="reviews__avatar-wrapper user__avatar-wrapper"
        >
          <img
            alt="Reviews avatar"
            class="reviews__avatar user__avatar"
            height="54"
            src="1"
            width="54"
          />
        </div>
        <span
          class="reviews__user-name"
        />
      </div>
      <div
        class="reviews__info"
      >
        <div
          class="reviews__rating rating"
        >
          <div
            class="reviews__stars rating__stars"
          >
            <span />
            <span
              class="visually-hidden"
            >
              Rating
            </span>
          </div>
        </div>
        <p
          class="reviews__text"
        />
        <time
          class="reviews__time"
          datetime=""
        >
          May 2021
        </time>
      </div>
    </li>
    <li
      class="reviews__item"
    >
      <div
        class="reviews__user user"
      >
        <div
          class="reviews__avatar-wrapper user__avatar-wrapper"
        >
          <img
            alt="Reviews avatar"
            class="reviews__avatar user__avatar"
            height="54"
            src="2"
            width="54"
          />
        </div>
        <span
          class="reviews__user-name"
        />
      </div>
      <div
        class="reviews__info"
      >
        <div
          class="reviews__rating rating"
        >
          <div
            class="reviews__stars rating__stars"
          >
            <span />
            <span
              class="visually-hidden"
            >
              Rating
            </span>
          </div>
        </div>
        <p
          class="reviews__text"
        />
        <time
          class="reviews__time"
          datetime=""
        >
          May 2021
        </time>
      </div>
    </li>
  </ul>
</div>
`;
